interval type is point_interval
The number of middle point is 1
The number of flank points is 50
--- The bam file will be analysing: /Users/benche/Desktop/myProj/ngsPlot/NGSViz/Samples/K562_H3K4me3-ENCFF752MYF_5p.bam
--- get bam file information ---
This BAM file is single-end.
Chromosome label format is 'chr'!
--- The bam file will be analysing: /Users/benche/Desktop/myProj/ngsPlot/NGSViz/Samples/K562_H3K4me3-ENCFF752MYF_5p.bam
The gene subset will be analysing: all
The title subset will be analysing: K562_H3K4me3_ENCFF752MYF_5p_TSS
----------------------------------------
--- Start coverage matrix calculation! ---
=== batch size500 ===
The query keyword is : SELECT gname, tid, chrom, strand, start, end FROM 'hg19_RefSeq' WHERE biotype = 'protein_coding' AND type = 'transcript' AND DefaultChoose = 1
Database connection pool initialized with 10 connections
--- Starting coverage calculation group by chromosomes ----
--- Consolidating results ----
Coverage Scaled Matrix finish!
----------------------------------------
Coverage matrix with row and column names saved to /Users/benche/Desktop/myProj/ngsPlot/NGSViz/analysis/20260802_k562_h3k4me3_tss/result/K562_H3K4me3-ENCFF752MYF_5p_coverage_matrix_heatmap.csv
Gene read-count matrix saved to /Users/benche/Desktop/myProj/ngsPlot/NGSViz/analysis/20260802_k562_h3k4me3_tss/result/K562_H3K4me3-ENCFF752MYF_5p_gene_read_count.csv
The directory already exists.: /Users/benche/Desktop/myProj/ngsPlot/NGSViz/analysis/20260802_k562_h3k4me3_tss/result
config_path: /Users/benche/Desktop/myProj/ngsPlot/NGSViz/analysis/20260802_k562_h3k4me3_tss/result/K562_H3K4me3_ENCFF752MYF_5p_TSS_NGSViz_plotSetting.json
/Users/benche/Desktop/myProj/ngsPlot/NGSViz/analysis/20260802_k562_h3k4me3_tss/result/K562_H3K4me3_ENCFF752MYF_5p_TSS_NGSViz_plotSetting.json : JSON config file has been generated!
